127.0.0.1 - - [12/Dec/2019:09:52:26 +0800] "GET / HTTP/1.1" 404 709
0:0:0:0:0:0:0:1 - - [12/Dec/2019:09:52:26 +0800] "GET /UserDispatch/index.html HTTP/1.1" 200 757
0:0:0:0:0:0:0:1 - - [12/Dec/2019:09:52:28 +0800] "POST /UserDispatch/User HTTP/1.1" 404 730
127.0.0.1 - - [12/Dec/2019:09:53:35 +0800] "GET / HTTP/1.1" 404 709
0:0:0:0:0:0:0:1 - - [12/Dec/2019:09:53:36 +0800] "GET /UserDispatch/index.html HTTP/1.1" 304 -
0:0:0:0:0:0:0:1 - - [12/Dec/2019:09:53:38 +0800] "POST /UserDispatch/User HTTP/1.1" 404 730
127.0.0.1 - - [12/Dec/2019:09:55:16 +0800] "GET / HTTP/1.1" 404 709
0:0:0:0:0:0:0:1 - - [12/Dec/2019:09:55:16 +0800] "GET /UserDispatch/UserDispatch HTTP/1.1" 200 -
0:0:0:0:0:0:0:1 - - [12/Dec/2019:09:55:25 +0800] "GET /UserDispatch/index.html HTTP/1.1" 304 -
0:0:0:0:0:0:0:1 - - [12/Dec/2019:09:55:30 +0800] "POST /UserDispatch/User HTTP/1.1" 404 730
127.0.0.1 - - [12/Dec/2019:09:56:18 +0800] "GET / HTTP/1.1" 404 709
0:0:0:0:0:0:0:1 - - [12/Dec/2019:09:56:20 +0800] "POST /UserDispatch/User HTTP/1.1" 404 730
0:0:0:0:0:0:0:1 - - [12/Dec/2019:10:27:58 +0800] "GET /UserDispatch/index.html HTTP/1.1" 304 -
0:0:0:0:0:0:0:1 - - [12/Dec/2019:10:28:07 +0800] "POST /UserDispatch/User HTTP/1.1" 404 730
0:0:0:0:0:0:0:1 - - [12/Dec/2019:10:29:02 +0800] "POST /UserDispatch/User HTTP/1.1" 404 730
0:0:0:0:0:0:0:1 - - [12/Dec/2019:10:29:19 +0800] "POST /UserDispatch/User HTTP/1.1" 404 730
127.0.0.1 - - [12/Dec/2019:11:00:10 +0800] "GET / HTTP/1.1" 404 709
0:0:0:0:0:0:0:1 - - [12/Dec/2019:11:00:10 +0800] "GET /hellow/hellow.html HTTP/1.1" 200 128
0:0:0:0:0:0:0:1 - - [12/Dec/2019:11:00:26 +0800] "GET /login/ HTTP/1.1" 200 269
0:0:0:0:0:0:0:1 - - [12/Dec/2019:11:00:47 +0800] "GET /UserDispatch/ HTTP/1.1" 200 765
0:0:0:0:0:0:0:1 - - [12/Dec/2019:11:00:52 +0800] "POST /UserDispatch/UserDispatch HTTP/1.1" 200 5
127.0.0.1 - - [12/Dec/2019:11:02:36 +0800] "GET / HTTP/1.1" 404 709
0:0:0:0:0:0:0:1 - - [12/Dec/2019:11:02:36 +0800] "GET /UserDispatch/index.html HTTP/1.1" 200 765
0:0:0:0:0:0:0:1 - - [12/Dec/2019:11:02:41 +0800] "POST /UserDispatch/UserDispatch HTTP/1.1" 200 -
127.0.0.1 - - [12/Dec/2019:11:03:01 +0800] "GET / HTTP/1.1" 404 709
0:0:0:0:0:0:0:1 - - [12/Dec/2019:11:03:02 +0800] "GET /UserDispatch/UserDispatch HTTP/1.1" 500 1082
0:0:0:0:0:0:0:1 - - [12/Dec/2019:11:03:13 +0800] "GET /UserDispatch/UserDispatch HTTP/1.1" 500 1082
127.0.0.1 - - [12/Dec/2019:11:03:50 +0800] "GET / HTTP/1.1" 404 709
0:0:0:0:0:0:0:1 - - [12/Dec/2019:11:03:55 +0800] "POST /UserDispatch/UserDispatch HTTP/1.1" 302 -
0:0:0:0:0:0:0:1 - - [12/Dec/2019:11:04:09 +0800] "POST /UserDispatch/UserDispatch HTTP/1.1" 302 -
127.0.0.1 - - [12/Dec/2019:11:05:31 +0800] "GET / HTTP/1.1" 404 709
0:0:0:0:0:0:0:1 - - [12/Dec/2019:11:05:40 +0800] "POST /UserDispatch/UserDispatch HTTP/1.1" 200 8
0:0:0:0:0:0:0:1 - - [12/Dec/2019:11:06:05 +0800] "POST /UserDispatch/UserDispatch HTTP/1.1" 302 -
127.0.0.1 - - [12/Dec/2019:11:46:38 +0800] "GET / HTTP/1.1" 404 709
0:0:0:0:0:0:0:1 - - [12/Dec/2019:11:46:38 +0800] "GET /UserDispatch/ HTTP/1.1" 200 765
0:0:0:0:0:0:0:1 - - [12/Dec/2019:11:46:42 +0800] "POST /UserDispatch/UserDispatch HTTP/1.1" 302 -
127.0.0.1 - - [12/Dec/2019:11:54:35 +0800] "GET / HTTP/1.1" 404 709
0:0:0:0:0:0:0:1 - - [12/Dec/2019:11:54:35 +0800] "GET /UserDispatch/ HTTP/1.1" 304 -
0:0:0:0:0:0:0:1 - - [12/Dec/2019:11:54:39 +0800] "POST /UserDispatch/UserDispatch HTTP/1.1" 302 -
0:0:0:0:0:0:0:1 - - [12/Dec/2019:11:55:29 +0800] "POST /UserDispatch/UserDispatch HTTP/1.1" 302 -
127.0.0.1 - - [12/Dec/2019:15:41:27 +0800] "GET / HTTP/1.1" 404 709
0:0:0:0:0:0:0:1 - - [12/Dec/2019:15:41:27 +0800] "GET /MyAtrribute/Demo1 HTTP/1.1" 200 42
0:0:0:0:0:0:0:1 - - [12/Dec/2019:15:41:29 +0800] "GET /MyAtrribute/Demo2 HTTP/1.1" 500 3827
127.0.0.1 - - [12/Dec/2019:15:42:01 +0800] "GET / HTTP/1.1" 404 709
0:0:0:0:0:0:0:1 - - [12/Dec/2019:15:42:01 +0800] "GET /MyAtrribute/Demo1 HTTP/1.1" 200 42
0:0:0:0:0:0:0:1 - - [12/Dec/2019:15:42:02 +0800] "GET /MyAtrribute/Demo2 HTTP/1.1" 200 14
127.0.0.1 - - [12/Dec/2019:15:54:07 +0800] "GET / HTTP/1.1" 404 709
0:0:0:0:0:0:0:1 - - [12/Dec/2019:15:54:08 +0800] "GET /Cookies/Frist HTTP/1.1" 200 19
127.0.0.1 - - [12/Dec/2019:15:54:40 +0800] "GET / HTTP/1.1" 404 709
0:0:0:0:0:0:0:1 - - [12/Dec/2019:15:54:40 +0800] "GET /Cookies/index.html HTTP/1.1" 200 255
0:0:0:0:0:0:0:1 - - [12/Dec/2019:15:54:46 +0800] "POST /Cookies/Frist HTTP/1.1" 200 74
0:0:0:0:0:0:0:1 - - [12/Dec/2019:15:54:48 +0800] "GET /Cookies/Second HTTP/1.1" 200 14
127.0.0.1 - - [12/Dec/2019:19:03:16 +0800] "GET / HTTP/1.1" 404 709
0:0:0:0:0:0:0:1 - - [12/Dec/2019:19:03:16 +0800] "GET /labuserdata/index.html HTTP/1.1" 200 377
127.0.0.1 - - [12/Dec/2019:19:28:35 +0800] "GET / HTTP/1.1" 404 709
0:0:0:0:0:0:0:1 - - [12/Dec/2019:19:28:35 +0800] "GET /labuserdata/userdata HTTP/1.1" 404 733
127.0.0.1 - - [12/Dec/2019:19:29:46 +0800] "GET / HTTP/1.1" 404 709
0:0:0:0:0:0:0:1 - - [12/Dec/2019:19:29:47 +0800] "GET /labuserdata/userdata HTTP/1.1" 404 733
127.0.0.1 - - [12/Dec/2019:19:31:17 +0800] "GET / HTTP/1.1" 404 709
0:0:0:0:0:0:0:1 - - [12/Dec/2019:19:31:18 +0800] "GET /labuserdata/userdata HTTP/1.1" 404 733
0:0:0:0:0:0:0:1 - - [12/Dec/2019:19:32:14 +0800] "GET /labuserdata/userdata HTTP/1.1" 404 733
127.0.0.1 - - [12/Dec/2019:19:32:26 +0800] "GET / HTTP/1.1" 404 709
0:0:0:0:0:0:0:1 - - [12/Dec/2019:19:32:26 +0800] "GET /labuserdata/userdata HTTP/1.1" 404 733
127.0.0.1 - - [12/Dec/2019:19:39:17 +0800] "GET / HTTP/1.1" 404 709
0:0:0:0:0:0:0:1 - - [12/Dec/2019:19:39:17 +0800] "GET /labuserdata/userdata HTTP/1.1" 404 733
127.0.0.1 - - [12/Dec/2019:19:41:40 +0800] "GET / HTTP/1.1" 404 709
0:0:0:0:0:0:0:1 - - [12/Dec/2019:19:41:41 +0800] "GET /labuserdata/userdata HTTP/1.1" 404 733
0:0:0:0:0:0:0:1 - - [12/Dec/2019:19:42:21 +0800] "GET /labuserdata/index.html HTTP/1.1" 404 735
127.0.0.1 - - [12/Dec/2019:19:51:18 +0800] "GET / HTTP/1.1" 404 709
0:0:0:0:0:0:0:1 - - [12/Dec/2019:19:51:19 +0800] "GET /UserData/index.html HTTP/1.1" 200 376
0:0:0:0:0:0:0:1 - - [12/Dec/2019:19:51:34 +0800] "GET /UserData/userdata?name=&height=100&weight= HTTP/1.1" 404 730
0:0:0:0:0:0:0:1 - - [12/Dec/2019:19:51:44 +0800] "GET /UserData/UserData HTTP/1.1" 500 1229
127.0.0.1 - - [12/Dec/2019:19:52:17 +0800] "GET / HTTP/1.1" 404 709
0:0:0:0:0:0:0:1 - - [12/Dec/2019:19:52:18 +0800] "GET /UserData/UserData HTTP/1.1" 500 1229
127.0.0.1 - - [12/Dec/2019:19:53:20 +0800] "GET / HTTP/1.1" 404 709
0:0:0:0:0:0:0:1 - - [12/Dec/2019:19:53:21 +0800] "GET /UserData/UserData HTTP/1.1" 500 1161
0:0:0:0:0:0:0:1 - - [12/Dec/2019:19:54:26 +0800] "GET /UserData/UserData HTTP/1.1" 500 1161
127.0.0.1 - - [12/Dec/2019:19:55:52 +0800] "GET / HTTP/1.1" 404 709
0:0:0:0:0:0:0:1 - - [12/Dec/2019:19:55:52 +0800] "GET /UserData/UserData HTTP/1.1" 200 -
127.0.0.1 - - [12/Dec/2019:20:03:23 +0800] "GET / HTTP/1.1" 404 709
0:0:0:0:0:0:0:1 - - [12/Dec/2019:20:03:24 +0800] "GET /UserData/index.html HTTP/1.1" 304 -
0:0:0:0:0:0:0:1 - - [12/Dec/2019:20:03:37 +0800] "GET /UserData/userdata?name=%E7%8E%8B%E5%85%AB%E8%9B%8B&height=100&weight=50 HTTP/1.1" 404 730
127.0.0.1 - - [12/Dec/2019:20:04:44 +0800] "GET / HTTP/1.1" 404 709
0:0:0:0:0:0:0:1 - - [12/Dec/2019:20:04:54 +0800] "GET /UserData/userdata?name=%E7%8E%8B%E5%85%AB%E8%9B%8B&height=100&weight=50 HTTP/1.1" 404 730
127.0.0.1 - - [12/Dec/2019:20:05:58 +0800] "GET / HTTP/1.1" 404 709
0:0:0:0:0:0:0:1 - - [12/Dec/2019:20:05:59 +0800] "GET /UserData/UserData HTTP/1.1" 500 1229
127.0.0.1 - - [12/Dec/2019:20:07:29 +0800] "GET / HTTP/1.1" 404 709
0:0:0:0:0:0:0:1 - - [12/Dec/2019:20:07:29 +0800] "GET /UserData/UserData HTTP/1.1" 500 1229
0:0:0:0:0:0:0:1 - - [12/Dec/2019:20:07:39 +0800] "GET /UserData/index.html HTTP/1.1" 200 376
0:0:0:0:0:0:0:1 - - [12/Dec/2019:20:07:41 +0800] "GET /UserData/UserData?name=&height=&weight= HTTP/1.1" 500 1375
127.0.0.1 - - [12/Dec/2019:20:09:29 +0800] "GET / HTTP/1.1" 404 709
0:0:0:0:0:0:0:1 - - [12/Dec/2019:20:09:29 +0800] "GET /UserData/UserData HTTP/1.1" 200 3
127.0.0.1 - - [12/Dec/2019:20:14:39 +0800] "GET / HTTP/1.1" 404 709
0:0:0:0:0:0:0:1 - - [12/Dec/2019:20:14:39 +0800] "GET /UserData/index.html HTTP/1.1" 304 -
0:0:0:0:0:0:0:1 - - [12/Dec/2019:20:14:44 +0800] "GET /UserData/UserData?name=&height=50&weight=100 HTTP/1.1" 200 65
127.0.0.1 - - [12/Dec/2019:20:15:19 +0800] "GET / HTTP/1.1" 404 709
0:0:0:0:0:0:0:1 - - [12/Dec/2019:20:15:25 +0800] "GET /UserData/UserData?name=&height=100&weight=100 HTTP/1.1" 200 65
0:0:0:0:0:0:0:1 - - [12/Dec/2019:20:16:08 +0800] "GET /UserData/index.html HTTP/1.1" 304 -
0:0:0:0:0:0:0:1 - - [12/Dec/2019:20:16:17 +0800] "GET /UserData/UserData?name=%E7%8E%8B%E5%85%AB%E8%9B%8B&height=100&weight=100 HTTP/1.1" 200 74
127.0.0.1 - - [12/Dec/2019:20:29:07 +0800] "GET / HTTP/1.1" 404 709
0:0:0:0:0:0:0:1 - - [12/Dec/2019:20:29:07 +0800] "GET /UserData/index.html HTTP/1.1" 304 -
0:0:0:0:0:0:0:1 - - [12/Dec/2019:20:29:20 +0800] "GET /UserData/UserData?name=%E5%9C%8B%E5%AD%97&height=100&weight=100 HTTP/1.1" 200 68
0:0:0:0:0:0:0:1 - - [12/Dec/2019:20:40:03 +0800] "GET /CooiesB/link.html HTTP/1.1" 200 255
127.0.0.1 - - [12/Dec/2019:20:40:04 +0800] "GET / HTTP/1.1" 404 709
0:0:0:0:0:0:0:1 - - [12/Dec/2019:20:40:13 +0800] "GET /CooiesB/login.html HTTP/1.1" 404 731
